#-----------------------------------------------------------
# Vivado v2023.2 (64-bit)
# SW Build 4029153 on Fri Oct 13 20:13:54 MDT 2023
# IP Build 4028589 on Sat Oct 14 00:45:43 MDT 2023
# SharedData Build 4025554 on Tue Oct 10 17:18:54 MDT 2023
# Start of session at: Sat Aug  9 21:06:55 2025
# Process ID: 169376
# Current directory: /media/nisitha/My_Passport/MOODLE/Vivado_projects/SNN_project/snn_iris_project/snn_iris_project/snn_iris_project.runs/synth_1
# Command line: vivado -log snn_iris_top.vds -product Vivado -mode batch -messageDb vivado.pb -notrace -source snn_iris_top.tcl
# Log file: /media/nisitha/My_Passport/MOODLE/Vivado_projects/SNN_project/snn_iris_project/snn_iris_project/snn_iris_project.runs/synth_1/snn_iris_top.vds
# Journal file: /media/nisitha/My_Passport/MOODLE/Vivado_projects/SNN_project/snn_iris_project/snn_iris_project/snn_iris_project.runs/synth_1/vivado.jou
# Running On: nisitha-laptop, OS: Linux, CPU Frequency: 1799.791 MHz, CPU Physical cores: 4, Host memory: 16471 MB
#-----------------------------------------------------------
source snn_iris_top.tcl -notrace
